Microchip MPLAB XC8 Compiler V1.35 ()

Linker command line:

--edf=/Applications/microchip/xc8/v1.35/dat/en_msgs.txt -cs \
  -h+dist/default/production/PIRNode.X.production.sym \
  --cmf=dist/default/production/PIRNode.X.production.cmf -z -Q16F628A \
  -o/tmp/xc9ZRNniw -Mdist/default/production/PIRNode.X.production.map -E1 \
  -ver=XC8 -ASTACK=0A0h-0efh -pstack=STACK -ACODE=00h-07FFh \
  -ASTRCODE=00h-07FFh -ASTRING=00h-0FFhx8 -ACONST=00h-0FFhx8 \
  -AENTRY=00h-0FFhx8 -ACOMMON=070h-07Fh -ABANK0=020h-06Fh -ABANK1=0A0h-0EFh \
  -ABANK2=0120h-014Fh -ARAM=020h-06Fh,0A0h-0EFh,0120h-014Fh \
  -AABS1=020h-07Fh,0A0h-0EFh,0120h-014Fh -ASFR0=00h-01Fh -ASFR1=080h-09Fh \
  -ASFR2=0100h-011Fh -ASFR3=0180h-01EFh \
  -preset_vec=00h,intentry=04h,init,end_init -ppowerup=CODE -pcinit=CODE \
  -pfunctab=CODE -ACONFIG=02007h-02007h -pconfig=CONFIG -DCONFIG=2 \
  -AIDLOC=02000h-02003h -pidloc=IDLOC -DIDLOC=2 -AEEDATA=00h-07Fh/02100h \
  -peeprom_data=EEDATA -DEEDATA=2 -DCODE=2 -DSTRCODE=2 -DSTRING=2 -DCONST=2 \
  -DENTRY=2 -k /tmp/xcLV66Lw6.obj \
  dist/default/production/PIRNode.X.production.obj 

Object code version is 3.11

Machine type is 16F628A



                Name                               Link     Load   Length Selector   Space Scale
/tmp/xcLV66Lw6.obj
                end_init                             10       10        1        8       0
                reset_vec                             0        0        1        0       0
                config                             2007     2007        1     400E       0
dist/default/production/PIRNode.X.production.obj
                cinit                                11       11        4        8       0
                intentry                              4        4        C        8       0
                eeprom_data                           0     2100        8     4200       3
                text7                               250      250       17      34C       0
                text6                               267      267       15      34C       0
                text5                               27C      27C        9      34C       0
                text4                               203      203       28      34C       0
                text3                               22B      22B       25      34C       0
                text2                                B9       B9       8F        8       0
                text1                                15       15       A4        8       0
                maintext                            1A6      1A6       5D      34C       0
                cstackBANK0                          20       20       23       20       1
                cstackCOMMON                         70       70        7       70       1
                bssCOMMON                            78       78        1       70       1
                bitbssCOMMON                        3B8       77        2       70       1     8
                strings                             148      148       5E      290       0

TOTAL           Name                               Link     Load   Length     Space
        CLASS   STACK          

        CLASS   CODE           
                end_init                             10       10        1         0
                cinit                                11       11        4         0
                intentry                              4        4        C         0
                reset_vec                             0        0        1         0
                text7                               250      250       17         0
                text6                               267      267       15         0
                text5                               27C      27C        9         0
                text4                               203      203       28         0
                text3                               22B      22B       25         0
                text2                                B9       B9       8F         0
                text1                                15       15       A4         0
                maintext                            1A6      1A6       5D         0

        CLASS   STRCODE        

        CLASS   STRING         
                strings                             148      148       5E         0

        CLASS   CONST          

        CLASS   ENTRY          

        CLASS   COMMON         
                cstackCOMMON                         70       70        7         1
                bssCOMMON                            78       78        1         1
                bitbssCOMMON                        3B8       77        2         1

        CLASS   BANK0          
                cstackBANK0                          20       20       23         1

        CLASS   BANK1          

        CLASS   BANK2          

        CLASS   RAM            

        CLASS   ABS1           
                abs_s1                               7E       7E        2         1

        CLASS   SFR0           

        CLASS   SFR1           

        CLASS   SFR2           

        CLASS   SFR3           

        CLASS   CONFIG         
                config                             2007     2007        1         0

        CLASS   IDLOC          

        CLASS   EEDATA         
                eeprom_data                           0     2100        8         3

        CLASS   BANK3          



SEGMENTS        Name                           Load    Length   Top    Selector   Space  Class     Delta

                reset_vec                      000000  000001  000001         0       0  CODE        2
                intentry                       000004  000144  000148         8       0  CODE        2
                cstackBANK0                    000020  000023  000043        20       1  BANK0       1
                cstackCOMMON                   000070  000009  000079        70       1  COMMON      1
                strings                        000148  00005E  0001A6       290       0  STRING      2
                maintext                       0001A6  0000DF  000285       34C       0  CODE        2
                config                         002007  000001  002008      400E       0  CONFIG      2
                eeprom_data                    002100  000008  002108      4200       3  EEDATA      2


UNUSED ADDRESS RANGES

        Name                Unused          Largest block    Delta
        BANK0            00043-0006F              2D           1
        BANK1            000A0-000EF              50           1
        BANK2            00120-0014F              30           1
        CODE             00001-00003               3           2
                         00285-007FF             57B
        COMMON           00079-0007D               5           1
        CONST            00001-00003               3           2
                         00285-007FF             100
        EEDATA           02108-0217F              78           2
        ENTRY            00001-00003               3           2
                         00285-007FF             100
        IDLOC            02000-02003               4           2
        RAM              00043-0006F              2D           1
                         000A0-000EF              50
                         00120-0014F              30
        SFR0             00000-0001F              20           1
        SFR1             00080-0009F              20           1
        SFR2             00100-0011F              20           1
        SFR3             00180-001EF              70           1
        STACK            000A0-000EF              50           1
        STRCODE          00001-00003               3           2
                         00285-007FF             57B
        STRING           00001-00003               3           2
                         00285-007FF             100

                                  Symbol Table

?___aldiv                   cstackBANK0  00020
?_strlen                    cstackCOMMON 00075
_EEADR                      (abs)        0009B
_EECON1                     (abs)        0009C
_EEDATA                     (abs)        0009A
_GIE                        (abs)        0005F
_INTCONbits                 (abs)        0000B
_INTF                       (abs)        00059
_PEIE                       (abs)        0005E
_PORTB                      (abs)        00006
_RCIE                       (abs)        00465
_RCIF                       (abs)        00065
_RCREG                      (abs)        0001A
_RCSTA                      (abs)        00018
_RD                         (abs)        004E0
_RS232                      text7        00250
_SPBRG                      (abs)        00099
_TRISB                      (abs)        00086
_TXIE                       (abs)        00464
_TXIF                       (abs)        00064
_TXREG                      (abs)        00019
_TXSTA                      (abs)        00098
_WR                         (abs)        004E1
__Babs1                     abs1         04210
__Bbank0                    bank0        04210
__Bbank1                    bank1        04210
__Bbank2                    bank2        04210
__Bbank3                    bank3        04210
__BbitbssCOMMON             bitbssCOMMON 04210
__BbssCOMMON                bssCOMMON    04210
__Bclrtext                  clrtext      04210
__Bcode                     code         04210
__Bcommon                   common       04210
__BcstackBANK0              cstackBANK0  04210
__BcstackCOMMON             cstackCOMMON 04210
__Beeprom_data              eeprom_data  02100
__Bmaintext                 maintext     04210
__Bram                      ram          04210
__Bsfr0                     sfr0         04210
__Bsfr1                     sfr1         04210
__Bsfr2                     sfr2         04210
__Bsfr3                     sfr3         04210
__Bstrings                  strings      04210
__Btext                     text         04210
__CFG_BOREN$OFF             (abs)        00000
__CFG_CP$OFF                (abs)        00000
__CFG_CPD$OFF               (abs)        00000
__CFG_FOSC$INTOSCIO         (abs)        00000
__CFG_LVP$ON                (abs)        00000
__CFG_MCLRE$OFF             (abs)        00000
__CFG_PWRTE$OFF             (abs)        00000
__CFG_WDTE$OFF              (abs)        00000
__Habs1                     abs1         00010
__Hbank0                    bank0        00010
__Hbank1                    bank1        00010
__Hbank2                    bank2        00010
__Hbank3                    bank3        00010
__HbitbssCOMMON             bitbssCOMMON 21080
__HbssCOMMON                bssCOMMON    00010
__Hcinit                    cinit        00015
__Hclrtext                  clrtext      00010
__Hcode                     code         00010
__Hcommon                   common       00010
__Hconfig                   config       02008
__HcstackBANK0              cstackBANK0  00010
__HcstackCOMMON             cstackCOMMON 00010
__Heeprom_data              eeprom_data  00008
__Hend_init                 end_init     00011
__Hfunctab                  functab      00000
__Hidloc                    idloc        00000
__Hinit                     init         00010
__Hintentry                 intentry     00010
__Hmaintext                 maintext     00010
__Hpowerup                  powerup      00000
__Hram                      ram          00010
__Hreset_vec                reset_vec    00001
__Hsfr0                     sfr0         00010
__Hsfr1                     sfr1         00010
__Hsfr2                     sfr2         00010
__Hsfr3                     sfr3         00010
__Hspace_0                  (abs)        21080
__Hspace_1                  (abs)        003BA
__Hspace_2                  (abs)        00000
__Hspace_3                  (abs)        00008
__Hstack                    stack        00000
__Hstrings                  strings      00010
__Htext                     text         00010
__Labs1                     abs1         00010
__Lbank0                    bank0        00010
__Lbank1                    bank1        00010
__Lbank2                    bank2        00010
__Lbank3                    bank3        00010
__LbitbssCOMMON             bitbssCOMMON 21080
__LbssCOMMON                bssCOMMON    00010
__Lcinit                    cinit        00011
__Lclrtext                  clrtext      00010
__Lcode                     code         00010
__Lcommon                   common       00010
__Lconfig                   config       02007
__LcstackBANK0              cstackBANK0  00010
__LcstackCOMMON             cstackCOMMON 00010
__Leeprom_data              eeprom_data  00000
__Lend_init                 end_init     00010
__Lfunctab                  functab      00000
__Lidloc                    idloc        00000
__Linit                     init         00010
__Lintentry                 intentry     00004
__Lmaintext                 maintext     00010
__Lpowerup                  powerup      00000
__Lram                      ram          00010
__Lreset_vec                reset_vec    00000
__Lsfr0                     sfr0         00010
__Lsfr1                     sfr1         00010
__Lsfr2                     sfr2         00010
__Lsfr3                     sfr3         00010
__Lspace_0                  (abs)        00000
__Lspace_1                  (abs)        00000
__Lspace_2                  (abs)        00000
__Lspace_3                  (abs)        00000
__Lstack                    stack        00000
__Lstrings                  strings      00010
__Ltext                     text         00010
__S0                        (abs)        02008
__S1                        (abs)        00079
__S2                        (abs)        00000
__S3                        (abs)        02108
___aldiv                    text2        000B9
___aldiv@counter            cstackBANK0  00028
___aldiv@dividend           cstackBANK0  00024
___aldiv@divisor            cstackBANK0  00020
___aldiv@quotient           cstackBANK0  0002A
___aldiv@sign               cstackBANK0  00029
___int_sp                   stack        00000
___latbits                  (abs)        00000
___sp                       stack        00000
__end_of_RS232              text7        00267
__end_of___aldiv            text2        00148
__end_of__initialization    cinit        00013
__end_of__stringtab         strings      0014E
__end_of_eeprom_read        text6        0027C
__end_of_escreve            text5        00285
__end_of_imprime            text3        00250
__end_of_inicializa_RS232   text1        000B9
__end_of_main               maintext     00203
__end_of_strlen             text4        0022B
__initialization            cinit        00011
__pbitbssCOMMON             bitbssCOMMON 003B8
__pbssCOMMON                bssCOMMON    00078
__pcstackBANK0              cstackBANK0  00020
__pcstackCOMMON             cstackCOMMON 00070
__pintentry                 intentry     00004
__pmaintext                 maintext     001A6
__pstrings                  strings      00148
__ptext1                    text1        00015
__ptext2                    text2        000B9
__ptext3                    text3        0022B
__ptext4                    text4        00203
__ptext5                    text5        0027C
__ptext6                    text6        00267
__ptext7                    text7        00250
__size_of_RS232             (abs)        00000
__size_of___aldiv           (abs)        00000
__size_of_eeprom_read       (abs)        00000
__size_of_escreve           (abs)        00000
__size_of_imprime           (abs)        00000
__size_of_inicializa_RS232  (abs)        00000
__size_of_main              (abs)        00000
__size_of_strlen            (abs)        00000
__stringbase                strings      0014D
__stringtab                 strings      00148
_caracter                   bssCOMMON    00078
_eeprom_read                text6        00267
_escreve                    text5        0027C
_flag_interrupcao           bitbssCOMMON 003B8
_flag_sensor                bitbssCOMMON 003B9
_imprime                    text3        0022B
_inicializa_RS232           text1        00015
_inicializa_RS232$511       cstackBANK0  0003A
_main                       maintext     001A6
_strlen                     text4        00203
btemp                       (abs)        0007E
eeprom_read@addr            cstackCOMMON 00076
end_of_initialization       cinit        00013
escreve@valor               cstackCOMMON 00075
imprime@frase               cstackBANK0  00028
imprime@indice              cstackBANK0  00029
imprime@tamanho             cstackBANK0  00027
inicializa_RS232@modo       cstackBANK0  00032
inicializa_RS232@valor      cstackBANK0  00038
inicializa_RS232@velocidade cstackBANK0  0002E
interrupt_function          intentry     00004
intlevel0                   functab      00000
intlevel1                   functab      00000
intlevel2                   functab      00000
intlevel3                   functab      00000
intlevel4                   functab      00000
intlevel5                   functab      00000
ltemp                       (abs)        0007E
ltemp0                      (abs)        0007E
ltemp1                      (abs)        00082
ltemp2                      (abs)        00086
ltemp3                      (abs)        00080
main@myid                   cstackBANK0  00041
main@mytype                 cstackBANK0  00042
reset_vec                   reset_vec    00000
saved_w                     (abs)        0007E
stackhi                     (abs)        00000
stacklo                     (abs)        00000
start                       init         00010
start_initialization        cinit        00011
strlen@cp                   cstackBANK0  00025
strlen@s                    cstackBANK0  00024
ttemp                       (abs)        0007E
ttemp0                      (abs)        0007E
ttemp1                      (abs)        00081
ttemp2                      (abs)        00084
ttemp3                      (abs)        00087
ttemp4                      (abs)        0007F
wtemp                       (abs)        0007E
wtemp0                      (abs)        0007E
wtemp1                      (abs)        00080
wtemp2                      (abs)        00082
wtemp3                      (abs)        00084
wtemp4                      (abs)        00086
wtemp5                      (abs)        00088
wtemp6                      (abs)        0007F


FUNCTION INFORMATION:

 *************** function _main *****************
 Defined at:
		line 93 in file "main.c"
 Parameters:    Size  Location     Type
		None
 Auto vars:     Size  Location     Type
  mytype          1   34[BANK0 ] unsigned char 
  myid            1   33[BANK0 ] unsigned char 
 Return value:  Size  Location     Type
		None               void
 Registers used:
		wreg, fsr0l, fsr0h, status,2, status,0, pclath, cstack
 Tracked objects:
		On entry : 
		On exit  : 
		Unchanged: 
 Data sizes:     COMMON   BANK0   BANK1   BANK2
      Params:         0       0       0       0
      Locals:         0       2       0       0
      Temps:          0       3       0       0
      Totals:         0       5       0       0
Total ram usage:        5 bytes
 Hardware stack levels required when called:    4
 This function calls:
		_eeprom_read
		_imprime
		_inicializa_RS232
 This function is called by:
		Startup code after reset
 This function uses a non-reentrant model


 *************** function _inicializa_RS232 *****************
 Defined at:
		line 46 in file "main.c"
 Parameters:    Size  Location     Type
  velocidade      4   14[BANK0 ] long 
  modo            2   18[BANK0 ] int 
 Auto vars:     Size  Location     Type
  valor           2   24[BANK0 ] int 
 Return value:  Size  Location     Type
		None               void
 Registers used:
		wreg, status,2, status,0, pclath, cstack
 Tracked objects:
		On entry : 
		On exit  : 
		Unchanged: 
 Data sizes:     COMMON   BANK0   BANK1   BANK2
      Params:         0       6       0       0
      Locals:         0       6       0       0
      Temps:          0       4       0       0
      Totals:         0      16       0       0
Total ram usage:       16 bytes
 Hardware stack levels used:    1
 Hardware stack levels required when called:    2
 This function calls:
		___aldiv
 This function is called by:
		_main
 This function uses a non-reentrant model


 *************** function ___aldiv *****************
 Defined at:
		line 6 in file "/Applications/microchip/xc8/v1.35/sources/common/aldiv.c"
 Parameters:    Size  Location     Type
  divisor         4    0[BANK0 ] long 
  dividend        4    4[BANK0 ] long 
 Auto vars:     Size  Location     Type
  quotient        4   10[BANK0 ] long 
  sign            1    9[BANK0 ] unsigned char 
  counter         1    8[BANK0 ] unsigned char 
 Return value:  Size  Location     Type
                  4    0[BANK0 ] long 
 Registers used:
		wreg, status,2, status,0
 Tracked objects:
		On entry : 
		On exit  : 
		Unchanged: 
 Data sizes:     COMMON   BANK0   BANK1   BANK2
      Params:         0       8       0       0
      Locals:         0       6       0       0
      Temps:          1       0       0       0
      Totals:         1      14       0       0
Total ram usage:       15 bytes
 Hardware stack levels used:    1
 Hardware stack levels required when called:    1
 This function calls:
		Nothing
 This function is called by:
		_inicializa_RS232
 This function uses a non-reentrant model


 *************** function _imprime *****************
 Defined at:
		line 77 in file "main.c"
 Parameters:    Size  Location     Type
  frase           1    wreg     PTR const unsigned char 
		 -> STR_2(44), STR_1(44), 
 Auto vars:     Size  Location     Type
  frase           1    8[BANK0 ] PTR const unsigned char 
		 -> STR_2(44), STR_1(44), 
  indice          1    9[BANK0 ] unsigned char 
  tamanho         1    7[BANK0 ] unsigned char 
 Return value:  Size  Location     Type
		None               void
 Registers used:
		wreg, fsr0l, fsr0h, status,2, status,0, pclath, cstack
 Tracked objects:
		On entry : 
		On exit  : 
		Unchanged: 
 Data sizes:     COMMON   BANK0   BANK1   BANK2
      Params:         0       0       0       0
      Locals:         0       3       0       0
      Temps:          0       1       0       0
      Totals:         0       4       0       0
Total ram usage:        4 bytes
 Hardware stack levels used:    1
 Hardware stack levels required when called:    3
 This function calls:
		_escreve
		_strlen
 This function is called by:
		_main
 This function uses a non-reentrant model


 *************** function _strlen *****************
 Defined at:
		line 4 in file "/Applications/microchip/xc8/v1.35/sources/common/strlen.c"
 Parameters:    Size  Location     Type
  s               1    wreg     PTR const unsigned char 
		 -> STR_2(44), STR_1(44), 
 Auto vars:     Size  Location     Type
  s               1    4[BANK0 ] PTR const unsigned char 
		 -> STR_2(44), STR_1(44), 
  cp              1    5[BANK0 ] PTR const unsigned char 
		 -> STR_2(44), STR_1(44), 
 Return value:  Size  Location     Type
                  2    5[COMMON] unsigned int 
 Registers used:
		wreg, fsr0l, fsr0h, status,2, status,0, pclath
 Tracked objects:
		On entry : 
		On exit  : 
		Unchanged: 
 Data sizes:     COMMON   BANK0   BANK1   BANK2
      Params:         2       0       0       0
      Locals:         0       2       0       0
      Temps:          0       4       0       0
      Totals:         2       6       0       0
Total ram usage:        8 bytes
 Hardware stack levels used:    2
 Hardware stack levels required when called:    1
 This function calls:
		Nothing
 This function is called by:
		_imprime
 This function uses a non-reentrant model


 *************** function _escreve *****************
 Defined at:
		line 71 in file "main.c"
 Parameters:    Size  Location     Type
  valor           1    wreg     unsigned char 
 Auto vars:     Size  Location     Type
  valor           1    5[COMMON] unsigned char 
 Return value:  Size  Location     Type
		None               void
 Registers used:
		wreg
 Tracked objects:
		On entry : 
		On exit  : 
		Unchanged: 
 Data sizes:     COMMON   BANK0   BANK1   BANK2
      Params:         0       0       0       0
      Locals:         1       0       0       0
      Temps:          0       0       0       0
      Totals:         1       0       0       0
Total ram usage:        1 bytes
 Hardware stack levels used:    1
 Hardware stack levels required when called:    1
 This function calls:
		Nothing
 This function is called by:
		_imprime
 This function uses a non-reentrant model


 *************** function _eeprom_read *****************
 Defined at:
		line 6 in file "/Applications/microchip/xc8/v1.35/sources/pic/eeread.c"
 Parameters:    Size  Location     Type
  addr            1    wreg     unsigned char 
 Auto vars:     Size  Location     Type
  addr            1    6[COMMON] unsigned char 
 Return value:  Size  Location     Type
                  1    wreg      unsigned char 
 Registers used:
		wreg, status,2, status,0
 Tracked objects:
		On entry : 
		On exit  : 
		Unchanged: 
 Data sizes:     COMMON   BANK0   BANK1   BANK2
      Params:         0       0       0       0
      Locals:         1       0       0       0
      Temps:          1       0       0       0
      Totals:         2       0       0       0
Total ram usage:        2 bytes
 Hardware stack levels used:    1
 Hardware stack levels required when called:    1
 This function calls:
		Nothing
 This function is called by:
		_main
 This function uses a non-reentrant model


 *************** function _RS232 *****************
 Defined at:
		line 32 in file "main.c"
 Parameters:    Size  Location     Type
		None
 Auto vars:     Size  Location     Type
		None
 Return value:  Size  Location     Type
		None               void
 Registers used:
		wreg
 Tracked objects:
		On entry : 
		On exit  : 
		Unchanged: 
 Data sizes:     COMMON   BANK0   BANK1   BANK2
      Params:         0       0       0       0
      Locals:         0       0       0       0
      Temps:          5       0       0       0
      Totals:         5       0       0       0
Total ram usage:        5 bytes
 Hardware stack levels used:    1
 This function calls:
		Nothing
 This function is called by:
		Interrupt level 1
 This function uses a non-reentrant model



MODULE INFORMATION

Module		Function		Class		Link	Load	Size
/Applications/microchip/xc8/v1.35/sources/pic/eeread.c
		_eeprom_read   		CODE           	0267	0000	22

/Applications/microchip/xc8/v1.35/sources/pic/eeread.c estimated size: 22

/Applications/microchip/xc8/v1.35/sources/common/strlen.c
		_strlen        		CODE           	0203	0000	41

/Applications/microchip/xc8/v1.35/sources/common/strlen.c estimated size: 41

shared
		__stringtab    		STRING         	0148	0000	7
		__initialization		CODE           	0011	0000	3

shared estimated size: 10

/Applications/microchip/xc8/v1.35/sources/common/aldiv.c
		___aldiv       		CODE           	00B9	0000	144

/Applications/microchip/xc8/v1.35/sources/common/aldiv.c estimated size: 144

main.c
		_escreve       		CODE           	027C	0000	10
		_imprime       		CODE           	022B	0000	38
		_main          		CODE           	01A6	0000	94
		_RS232         		CODE           	0250	0000	24
		_inicializa_RS232		CODE           	0015	0000	165

main.c estimated size: 331

